<html>
<body>
<pre>
<h1>µVision Build Log</h1>
<h2>Tool Versions:</h2>
IDE-Version: ¦ÌVision V5.41.0.0
Copyright (C) 2024 ARM Ltd and ARM Germany GmbH. All rights reserved.
License Information: 1 zhenyu, 1, LIC=32B1Q-NRFWU-QDTKD-8FIRU-AVNYN-K31AD
 
Tool Versions:
Toolchain:       MDK-ARM Plus  Version: 5.41.0.0
Toolchain Path:  D:\Software\KEIL_IDE\KEIL_V5\ARM\ARMCLANG\Bin
C Compiler:      ArmClang.exe V6.22
Assembler:       Armasm.exe V6.22
Linker/Locator:  ArmLink.exe V6.22
Library Manager: ArmAr.exe V6.22
Hex Converter:   FromElf.exe V6.22
CPU DLL:         SARMCM3.DLL V5.41.0.0
Dialog DLL:      DCM.DLL V1.17.5.0
Target DLL:      UL2CM3.DLL V1.164.14.0
Dialog DLL:      TCM.DLL V1.56.4.0
 
<h2>Project:</h2>
C:\Users\zhenyu\Desktop\ÏîÄ¿\freertosÄÚºË\practice\Project\geek.uvprojx
Project File Date:  07/16/2025

<h2>Output:</h2>
*** Using Compiler 'V6.22', folder: 'D:\Software\KEIL_IDE\KEIL_V5\ARM\ARMCLANG\Bin'
Rebuild target 'Simulation'
compiling main.c...
compiling startup_ARMCM3.c...
compiling system_ARMCM3.c...
linking...
.\RTE\Device\ARMCM3\ARMCM3_ac6.sct(19): warning: L6314W: No section matches pattern *(.bss.noinit).
Program Size: Code=264 RO-data=976 RW-data=4 ZI-data=3584  
Finished: 0 information, 1 warning and 0 error messages.
".\Objects\geek.axf" - 0 Error(s), 1 Warning(s).

<h2>Software Packages used:</h2>

Package Vendor: ARM
                https://www.keil.com/pack/ARM.CMSIS.6.1.0.pack
                ARM::CMSIS@6.1.0
                CMSIS (Common Microcontroller Software Interface Standard)
   * Component: CORE Version: 6.1.0

Package Vendor: ARM
                https://www.keil.com/pack/ARM.Cortex_DFP.1.1.0.pack
                ARM::Cortex_DFP@1.1.0
                ARM Cortex Reference Subsystems Device Family Pack
   * Component: Startup Variant: C Startup Version: 2.2.0

<h2>Collection of Component include folders:</h2>
  ./RTE/_Simulation
  D:/Software/KEIL_IDE/PACK/ARM/CMSIS/6.1.0/CMSIS/Core/Include
  D:/Software/KEIL_IDE/PACK/ARM/Cortex_DFP/1.1.0/Device/ARMCM3/Include

<h2>Collection of Component Files used:</h2>

   * Component: ARM::CMSIS:CORE@6.1.0

   * Component: ARM::Device:Startup&C Startup@2.2.0
      Include file:  Device/ARMCM3/Include/ARMCM3.h
      Source file:   Device/ARMCM3/Source/startup_ARMCM3.c
      Source file:   Device/ARMCM3/Source/system_ARMCM3.c
Build Time Elapsed:  00:00:01
</pre>
</body>
</html>
